warning: patch `ostd v0.18.0 (/opt/nexus-ostd/ostd-0.18.0)` was not used in the crate graph
warning: patch `virtio-drivers v0.13.0 (/opt/nexus-virtio/virtio-drivers-0.13.0)` was not used in the crate graph
help: Check that the patched package version and available features are compatible
      with the dependency requirements. If the patch has a different version from
      what is locked in the Cargo.lock file, run `cargo update` to use the new
      version. This may also occur with an optional dependency that is not enabled.
warning: unstable feature specified for `-Ctarget-feature`: `ermsb`
  |
  = note: this feature is not stably supported; its behavior can change in the future

warning: unused variable: `indirect`
   --> /opt/nexus-virtio/virtio-drivers-0.13.0/src/queue.rs:178:9
    |
178 |         indirect: bool,
    |         ^^^^^^^^ help: if this is intentional, prefix it with an underscore: `_indirect`
    |
    = note: `#[warn(unused_variables)]` (part of `#[warn(unused)]`) on by default

warning: `virtio-drivers` (lib) generated 2 warnings (run `cargo fix --lib -p virtio-drivers` to apply 1 suggestion)
warning: `cser-core` (lib) generated 1 warning (1 duplicate)
warning: `ostd` (lib) generated 1 warning (1 duplicate)
warning: function `begin_generation` is never used
   --> /crates/nexus-ostd-virtio/src/dma.rs:456:8
    |
456 | pub fn begin_generation(generation: u64) {
    |        ^^^^^^^^^^^^^^^^
    |
    = note: `#[warn(dead_code)]` (part of `#[warn(unused)]`) on by default

warning: function `arm_request_bounce` is never used
   --> /crates/nexus-ostd-virtio/src/dma.rs:494:8
    |
494 | pub fn arm_request_bounce(generation: u64) -> (usize, usize) {
    |        ^^^^^^^^^^^^^^^^^^

warning: method `pending_kind` is never used
   --> /crates/nexus-ostd-virtio/src/dma.rs:873:18
    |
868 | impl IotlbTombstone {
    | ------------------- method in this implementation
...
873 |     pub const fn pending_kind(&self) -> OwnerKind {
    |                  ^^^^^^^^^^^^

warning: methods `claim_device_function`, `assert_intx_state_matches_readback`, `assert_internal_mask_allowed`, and `observe_internal_command_or_poison` are never used
   --> /crates/nexus-ostd-virtio/src/pci.rs:738:19
    |
455 | impl Root {
    | --------- methods in this implementation
...
738 |     pub(crate) fn claim_device_function(&mut self) -> DeviceFunction {
    |                   ^^^^^^^^^^^^^^^^^^^^^
...
795 |     fn assert_intx_state_matches_readback(&self) {
    |        ^^^^^^^^^^^^^^^^^^^^^^^^^^^^^^^^^^
...
819 |     fn assert_internal_mask_allowed(&self) {
    |        ^^^^^^^^^^^^^^^^^^^^^^^^^^^^
...
853 |     fn observe_internal_command_or_poison(&mut self, expected: Command, observed: Command) {
    |        ^^^^^^^^^^^^^^^^^^^^^^^^^^^^^^^^^^

warning: function `begin_transport_claims` is never used
   --> /crates/nexus-ostd-virtio/src/pci.rs:906:8
    |
906 | pub fn begin_transport_claims() {
    |        ^^^^^^^^^^^^^^^^^^^^^^

warning: function `enable_device_for_prepare` is never used
    --> /crates/nexus-ostd-virtio/src/pci.rs:1147:15
     |
1147 | pub(crate) fn enable_device_for_prepare(
     |               ^^^^^^^^^^^^^^^^^^^^^^^^^

warning: function `enable_device` is never used
    --> /crates/nexus-ostd-virtio/src/pci.rs:1193:15
     |
1193 | pub(crate) fn enable_device(root: &mut Root, device_function: DeviceFunction) {
     |               ^^^^^^^^^^^^^

warning: function `disable_bus_master` is never used
    --> /crates/nexus-ostd-virtio/src/pci.rs:1208:15
     |
1208 | pub(crate) fn disable_bus_master(root: &mut Root, device_function: DeviceFunction) {
     |               ^^^^^^^^^^^^^^^^^^

warning: `nexus-ostd-virtio` (lib) generated 9 warnings (1 duplicate)
warning: struct `OstdRecoveryBoundary` is never constructed
  --> /work/src/cser/core_runtime.rs:24:19
   |
24 | pub(crate) struct OstdRecoveryBoundary {
   |                   ^^^^^^^^^^^^^^^^^^^^
   |
   = note: `#[warn(dead_code)]` (part of `#[warn(unused)]`) on by default

warning: methods `acknowledged_revision`, `acknowledged_head`, `torn_tail`, and `journal_repair` are never used
  --> /work/src/cser/core_runtime.rs:32:25
   |
30 | impl OstdRecoveryBoundary {
   | ------------------------- methods in this implementation
31 |     /// Returns the last replayed journal revision.
32 |     pub(crate) const fn acknowledged_revision(self) -> u64 {
   |                         ^^^^^^^^^^^^^^^^^^^^^
...
37 |     pub(crate) const fn acknowledged_head(self) -> Digest {
   |                         ^^^^^^^^^^^^^^^^^
...
45 |     pub(crate) const fn torn_tail(self) -> Option<usize> {
   |                         ^^^^^^^^^
...
53 |     pub(crate) const fn journal_repair(self) -> Option<JournalRepair> {
   |                         ^^^^^^^^^^^^^^

warning: associated function `recover` is never used
  --> /work/src/cser/core_runtime.rs:94:19
   |
73 | impl<P> OstdCserRuntime<P> {
   | -------------------------- associated function in this implementation
...
94 |     pub(crate) fn recover(
   |                   ^^^^^^^

warning: associated items `bind_component`, `component`, and `scope` are never used
   --> /work/src/cser/core_dma_adapter.rs:193:19
    |
173 | impl CoreDmaCohort {
    | ------------------ associated items in this implementation
...
193 |     pub(crate) fn bind_component(
    |                   ^^^^^^^^^^^^^^
...
265 |     pub(crate) const fn component(self) -> Option<ComponentId> {
    |                         ^^^^^^^^^
...
269 |     pub(crate) const fn scope(self) -> DeviceScopeId {
    |                         ^^^^^

warning: fields `owner` and `authority` are never read
   --> /work/src/cser/core_dma_adapter.rs:678:9
    |
677 |     BindingMismatch {
    |     --------------- fields in this variant
678 |         owner: ReceiptedPreparedRequest,
    |         ^^^^^
679 |         authority: CoreQueuePublishAuthority,
    |         ^^^^^^^^^

warning: fields `failure` and `authority` are never read
   --> /work/src/cser/core_dma_adapter.rs:682:9
    |
681 |     Hardware {
    |     -------- fields in this variant
682 |         failure: PreparationPublishFailure,
    |         ^^^^^^^
683 |         authority: CoreQueuePublishAuthority,
    |         ^^^^^^^^^

warning: fields `request` and `authority` are never read
   --> /work/src/cser/core_dma_adapter.rs:686:9
    |
685 |     NotificationAlreadyResolved {
    |     --------------------------- fields in this variant
686 |         request: PublishedRequest,
    |         ^^^^^^^
687 |         authority: CoreQueuePublishAuthority,
    |         ^^^^^^^^^

warning: fields `error` and `published` are never read
   --> /work/src/cser/core_dma_adapter.rs:701:16
    |
700 | pub(crate) struct CoreQueueCommitFailure {
    |                   ---------------------- fields in this struct
701 |     pub(crate) error: CoreError,
    |                ^^^^^
702 |     pub(crate) published: CorePublishedQueue,
    |                ^^^^^^^^^

warning: fields `error` and `reset` are never read
   --> /work/src/cser/core_dma_adapter.rs:834:16
    |
833 | pub(crate) struct CoreResetEvidenceFailure {
    |                   ------------------------ fields in this struct
834 |     pub(crate) error: CoreError,
    |                ^^^^^
835 |     pub(crate) reset: ProductionResetAck,
    |                ^^^^^

warning: fields `error` and `reset` are never read
   --> /work/src/cser/core_dma_adapter.rs:963:9
    |
962 |     CoreNotDurable {
    |     -------------- fields in this variant
963 |         error: CoreError,
    |         ^^^^^
964 |         reset: CoreResetEvidence,
    |         ^^^^^

warning: fields `failure` and `hardware` are never read
   --> /work/src/cser/core_dma_adapter.rs:967:9
    |
966 |     Hardware {
    |     -------- fields in this variant
967 |         failure: ProductionIotlbBeginFailure,
    |         ^^^^^^^
968 |         hardware: RetirementObservation,
    |         ^^^^^^^^

warning: fields `error` and `closure` are never read
   --> /work/src/cser/core_dma_adapter.rs:980:16
    |
979 | pub(crate) struct CoreIotlbEvidenceFailure {
    |                   ------------------------ fields in this struct
980 |     pub(crate) error: CoreError,
    |                ^^^^^
981 |     pub(crate) closure: ProductionClosureReceipt,
    |                ^^^^^^^

warning: `nexus-kernel` (lib) generated 13 warnings (1 duplicate)
warning: `nexus-kernel-osdk-bin` (bin "nexus-kernel-osdk-bin") generated 1 warning (1 duplicate)
    Finished `dev` profile [unoptimized + debuginfo] target(s) in 0.06s
qemu-system-x86_64: warning: TCG doesn't support requested feature: CPUID[eax=01h].ECX.pcid [bit 17]
qemu-system-x86_64: warning: TCG doesn't support requested feature: CPUID[eax=01h].ECX.tsc-deadline [bit 24]
qemu-system-x86_64: warning: TCG doesn't support requested feature: CPUID[eax=07h,ecx=00h].EBX.hle [bit 4]
qemu-system-x86_64: warning: TCG doesn't support requested feature: CPUID[eax=07h,ecx=00h].EBX.invpcid [bit 10]
qemu-system-x86_64: warning: TCG doesn't support requested feature: CPUID[eax=07h,ecx=00h].EBX.rtm [bit 11]
qemu-system-x86_64: warning: TCG doesn't support requested feature: CPUID[eax=07h,ecx=00h].EBX.avx512f [bit 16]
qemu-system-x86_64: warning: TCG doesn't support requested feature: CPUID[eax=07h,ecx=00h].EBX.avx512dq [bit 17]
qemu-system-x86_64: warning: TCG doesn't support requested feature: CPUID[eax=07h,ecx=00h].EBX.avx512cd [bit 28]
qemu-system-x86_64: warning: TCG doesn't support requested feature: CPUID[eax=07h,ecx=00h].EBX.avx512bw [bit 30]
qemu-system-x86_64: warning: TCG doesn't support requested feature: CPUID[eax=07h,ecx=00h].EBX.avx512vl [bit 31]
qemu-system-x86_64: warning: TCG doesn't support requested feature: CPUID[eax=07h,ecx=00h].ECX.avx512vbmi [bit 1]
qemu-system-x86_64: warning: TCG doesn't support requested feature: CPUID[eax=07h,ecx=00h].ECX.avx512vbmi2 [bit 6]
qemu-system-x86_64: warning: TCG doesn't support requested feature: CPUID[eax=07h,ecx=00h].ECX.gfni [bit 8]
qemu-system-x86_64: warning: TCG doesn't support requested feature: CPUID[eax=07h,ecx=00h].ECX.vpclmulqdq [bit 10]
qemu-system-x86_64: warning: TCG doesn't support requested feature: CPUID[eax=07h,ecx=00h].ECX.avx512vnni [bit 11]
qemu-system-x86_64: warning: TCG doesn't support requested feature: CPUID[eax=07h,ecx=00h].ECX.avx512bitalg [bit 12]
qemu-system-x86_64: warning: TCG doesn't support requested feature: CPUID[eax=07h,ecx=00h].ECX.avx512-vpopcntdq [bit 14]
qemu-system-x86_64: warning: TCG doesn't support requested feature: CPUID[eax=07h,ecx=00h].EDX.spec-ctrl [bit 26]
qemu-system-x86_64: warning: TCG doesn't support requested feature: CPUID[eax=07h,ecx=00h].EDX.ssbd [bit 31]
qemu-system-x86_64: warning: TCG doesn't support requested feature: CPUID[eax=0Dh,ecx=01h].EAX.xsavec [bit 1]
virtio_set_status vdev 0x555f97067e40 val 0
virtio_set_status vdev 0x555f97067e40 val 0
virtio_set_status vdev 0x555f97067e40 val 0
virtio_set_status vdev 0x555f97067e40 val 0
virtio_set_status vdev 0x555f97067e40 val 0
virtio_set_status vdev 0x555f97067e40 val 0
virtio_set_status vdev 0x555f97067e40 val 0
virtio_set_status vdev 0x555f97067e40 val 0
virtio_set_status vdev 0x555f97067e40 val 0
virtio_set_status vdev 0x555f97067e40 val 0
virtio_set_status vdev 0x555f97067e40 val 0
virtio_set_status vdev 0x555f97067e40 val 0
virtio_set_status vdev 0x555f97067e40 val 0
virtio_set_status vdev 0x555f97067e40 val 1
virtio_set_status vdev 0x555f97067e40 val 3
virtio_set_status vdev 0x555f97067e40 val 11
virtio_set_status vdev 0x555f97067e40 val 15
virtio_pci_notify_write 0x0 = 0x0 (2)
virtio_queue_notify vdev 0x555f97067e40 n 0 vq 0x555f97072920
virtio_blk_handle_read vdev 0x555f97067e40 req 0x7fa0c4a2cb70 sector 0 nsectors 1
virtio_blk_rw_complete vdev 0x555f97067e40 req 0x7fa0c4a2cb70 ret 0
virtio_blk_req_complete vdev 0x555f97067e40 req 0x7fa0c4a2cb70 status 0
virtio_pci_notify_write 0x0 = 0x0 (2)
virtio_queue_notify vdev 0x555f97067e40 n 0 vq 0x555f97072920
virtio_blk_handle_read vdev 0x555f97067e40 req 0x7fa0c4a2d810 sector 0 nsectors 1
virtio_blk_rw_complete vdev 0x555f97067e40 req 0x7fa0c4a2d810 ret 0
virtio_blk_req_complete vdev 0x555f97067e40 req 0x7fa0c4a2d810 status 0
virtio_pci_notify_write 0x0 = 0x0 (2)
virtio_queue_notify vdev 0x555f97067e40 n 0 vq 0x555f97072920
virtio_blk_handle_read vdev 0x555f97067e40 req 0x7fa0c4a2e390 sector 0 nsectors 1
virtio_blk_rw_complete vdev 0x555f97067e40 req 0x7fa0c4a2e390 ret 0
virtio_blk_req_complete vdev 0x555f97067e40 req 0x7fa0c4a2e390 status 0
virtio_pci_notify_write 0x0 = 0x0 (2)
virtio_queue_notify vdev 0x555f97067e40 n 0 vq 0x555f97072920
virtio_blk_handle_read vdev 0x555f97067e40 req 0x7fa0c4bc8ff0 sector 0 nsectors 1
virtio_blk_rw_complete vdev 0x555f97067e40 req 0x7fa0c4bc8ff0 ret 0
virtio_blk_req_complete vdev 0x555f97067e40 req 0x7fa0c4bc8ff0 status 0
virtio_pci_notify_write 0x0 = 0x0 (2)
virtio_queue_notify vdev 0x555f97067e40 n 0 vq 0x555f97072920
virtio_blk_handle_read vdev 0x555f97067e40 req 0x7fa0c4bc9270 sector 0 nsectors 1
virtio_blk_rw_complete vdev 0x555f97067e40 req 0x7fa0c4bc9270 ret 0
virtio_blk_req_complete vdev 0x555f97067e40 req 0x7fa0c4bc9270 status 0
virtio_pci_notify_write 0x0 = 0x0 (2)
virtio_queue_notify vdev 0x555f97067e40 n 0 vq 0x555f97072920
virtio_blk_handle_read vdev 0x555f97067e40 req 0x7fa0c4bc94f0 sector 0 nsectors 1
virtio_blk_rw_complete vdev 0x555f97067e40 req 0x7fa0c4bc94f0 ret 0
virtio_blk_req_complete vdev 0x555f97067e40 req 0x7fa0c4bc94f0 status 0
virtio_pci_notify_write 0x0 = 0x0 (2)
virtio_queue_notify vdev 0x555f97067e40 n 0 vq 0x555f97072920
virtio_blk_handle_read vdev 0x555f97067e40 req 0x7fa0c4bca8b0 sector 0 nsectors 1
virtio_blk_rw_complete vdev 0x555f97067e40 req 0x7fa0c4bca8b0 ret 0
virtio_blk_req_complete vdev 0x555f97067e40 req 0x7fa0c4bca8b0 status 0
virtio_pci_notify_write 0x0 = 0x0 (2)
virtio_queue_notify vdev 0x555f97067e40 n 0 vq 0x555f97072920
virtio_blk_handle_read vdev 0x555f97067e40 req 0x7fa0c4bca8b0 sector 0 nsectors 1
virtio_blk_rw_complete vdev 0x555f97067e40 req 0x7fa0c4bca8b0 ret 0
virtio_blk_req_complete vdev 0x555f97067e40 req 0x7fa0c4bca8b0 status 0
virtio_pci_notify_write 0x0 = 0x0 (2)
virtio_queue_notify vdev 0x555f97067e40 n 0 vq 0x555f97072920
virtio_blk_handle_read vdev 0x555f97067e40 req 0x7fa0c4bca8b0 sector 0 nsectors 1
virtio_blk_rw_complete vdev 0x555f97067e40 req 0x7fa0c4bca8b0 ret 0
virtio_blk_req_complete vdev 0x555f97067e40 req 0x7fa0c4bca8b0 status 0
virtio_pci_notify_write 0x0 = 0x0 (2)
virtio_queue_notify vdev 0x555f97067e40 n 0 vq 0x555f97072920
virtio_blk_handle_read vdev 0x555f97067e40 req 0x7fa0c40c49d0 sector 0 nsectors 1
virtio_blk_rw_complete vdev 0x555f97067e40 req 0x7fa0c40c49d0 ret 0
virtio_blk_req_complete vdev 0x555f97067e40 req 0x7fa0c40c49d0 status 0
virtio_pci_notify_write 0x0 = 0x0 (2)
virtio_queue_notify vdev 0x555f97067e40 n 0 vq 0x555f97072920
virtio_blk_handle_read vdev 0x555f97067e40 req 0x7fa0c40c4c50 sector 0 nsectors 1
virtio_blk_rw_complete vdev 0x555f97067e40 req 0x7fa0c40c4c50 ret 0
virtio_blk_req_complete vdev 0x555f97067e40 req 0x7fa0c40c4c50 status 0
virtio_pci_notify_write 0x0 = 0x0 (2)
virtio_queue_notify vdev 0x555f97067e40 n 0 vq 0x555f97072920
virtio_blk_handle_read vdev 0x555f97067e40 req 0x7fa0c40c2930 sector 0 nsectors 1
virtio_blk_rw_complete vdev 0x555f97067e40 req 0x7fa0c40c2930 ret 0
virtio_blk_req_complete vdev 0x555f97067e40 req 0x7fa0c40c2930 status 0
virtio_pci_notify_write 0x0 = 0x0 (2)
virtio_queue_notify vdev 0x555f97067e40 n 0 vq 0x555f97072920
virtio_blk_handle_read vdev 0x555f97067e40 req 0x7fa0c40c2930 sector 0 nsectors 1
virtio_blk_rw_complete vdev 0x555f97067e40 req 0x7fa0c40c2930 ret 0
virtio_blk_req_complete vdev 0x555f97067e40 req 0x7fa0c40c2930 status 0
virtio_pci_notify_write 0x0 = 0x0 (2)
virtio_queue_notify vdev 0x555f97067e40 n 0 vq 0x555f97072920
virtio_blk_handle_read vdev 0x555f97067e40 req 0x7fa0c40c2930 sector 0 nsectors 1
virtio_blk_rw_complete vdev 0x555f97067e40 req 0x7fa0c40c2930 ret 0
virtio_blk_req_complete vdev 0x555f97067e40 req 0x7fa0c40c2930 status 0
virtio_set_status vdev 0x555f97067e40 val 0
virtio_set_status vdev 0x555f97067e40 val 0
virtio_set_status vdev 0x555f97067e40 val 0
virtio_set_status vdev 0x555f97067e40 val 0
virtio_set_status vdev 0x555f97067e40 val 0
virtio_set_status vdev 0x555f97067e40 val 0
virtio_set_status vdev 0x555f97067e40 val 0
virtio_set_status vdev 0x555f97067e40 val 0
virtio_set_status vdev 0x555f97067e40 val 0
virtio_set_status vdev 0x555f97067e40 val 0
virtio_set_status vdev 0x555f97067e40 val 0
virtio_set_status vdev 0x555f97067e40 val 0
virtio_set_status vdev 0x555f97067e40 val 0
virtio_set_status vdev 0x555f97067e40 val 0
vtd_inv_desc_wait_irq IM in IECTL_REG is set, new event not generated
vtd_inv_desc_wait_irq IM in IECTL_REG is set, new event not generated
virtio_set_status vdev 0x555f97067e40 val 0
virtio_set_status vdev 0x555f97067e40 val 0
virtio_set_status vdev 0x555f97067e40 val 3
virtio_set_status vdev 0x555f97067e40 val 11
virtio_set_status vdev 0x555f97067e40 val 15
virtio_pci_notify_write 0x0 = 0x0 (2)
virtio_queue_notify vdev 0x555f97067e40 n 0 vq 0x555f97072920
vtd_dmar_translate dev 00:05.00 iova 0x3fffffd000 -> gpa 0x95b3000 mask 0xfff
vtd_dmar_translate dev 00:05.00 iova 0x3fffffd000 -> gpa 0x95b3000 mask 0xfff
vtd_dmar_translate dev 00:05.00 iova 0x3fffffe000 -> gpa 0x95ab000 mask 0xfff
vtd_dmar_translate dev 00:05.00 iova 0x3fffffe000 -> gpa 0x95ab000 mask 0xfff
vtd_dmar_translate dev 00:05.00 iova 0x3fffffe000 -> gpa 0x95ab000 mask 0xfff
vtd_dmar_translate dev 00:05.00 iova 0x3fffffc000 -> gpa 0x95b2000 mask 0xfff
vtd_dmar_translate dev 00:05.00 iova 0x3fffffe000 -> gpa 0x95ab000 mask 0xfff
vtd_dmar_translate dev 00:05.00 iova 0x3fffffc000 -> gpa 0x95b2000 mask 0xfff
vtd_dmar_translate dev 00:05.00 iova 0x3fffffe000 -> gpa 0x95ab000 mask 0xfff
vtd_dmar_translate dev 00:05.00 iova 0x3fffffc000 -> gpa 0x95b2000 mask 0xfff
virtio_blk_handle_read vdev 0x555f97067e40 req 0x7fa0c49baee0 sector 0 nsectors 1
vtd_dmar_translate dev 00:05.00 iova 0x3fffffe000 -> gpa 0x95ab000 mask 0xfff
vtd_dmar_translate dev 00:05.00 iova 0x3fffffd000 -> gpa 0x95b3000 mask 0xfff
vtd_dmar_translate dev 00:05.00 iova 0x3fffffd000 -> gpa 0x95b3000 mask 0xfff
vtd_dmar_translate dev 00:05.00 iova 0x3fffffe000 -> gpa 0x95ab000 mask 0xfff
virtio_blk_rw_complete vdev 0x555f97067e40 req 0x7fa0c49baee0 ret 0
virtio_blk_req_complete vdev 0x555f97067e40 req 0x7fa0c49baee0 status 0
vtd_dmar_translate dev 00:05.00 iova 0x3fffffd000 -> gpa 0x95b3000 mask 0xfff
vtd_dmar_translate dev 00:05.00 iova 0x3fffffd000 -> gpa 0x95b3000 mask 0xfff
vtd_dmar_translate dev 00:05.00 iova 0x3fffffe000 -> gpa 0x95ab000 mask 0xfff
virtio_set_status vdev 0x555f97067e40 val 0
virtio_set_status vdev 0x555f97067e40 val 0
virtio_set_status vdev 0x555f97067e40 val 0
virtio_set_status vdev 0x555f97067e40 val 0
virtio_set_status vdev 0x555f97067e40 val 0
vtd_inv_desc_iotlb_global iotlb invalidate global
vtd_inv_desc_wait_irq IM in IECTL_REG is set, new event not generated
vtd_inv_desc_iotlb_global iotlb invalidate global
vtd_inv_desc_wait_irq IM in IECTL_REG is set, new event not generated
vtd_inv_desc_iotlb_global iotlb invalidate global
vtd_inv_desc_wait_irq IM in IECTL_REG is set, new event not generated
virtio_set_status vdev 0x555f97067e40 val 0
virtio_set_status vdev 0x555f97067e40 val 0
virtio_set_status vdev 0x555f97067e40 val 3
virtio_set_status vdev 0x555f97067e40 val 11
virtio_set_status vdev 0x555f97067e40 val 15
virtio_pci_notify_write 0x0 = 0x0 (2)
virtio_queue_notify vdev 0x555f97067e40 n 0 vq 0x555f97072920
vtd_dmar_translate dev 00:05.00 iova 0x3fffffd000 -> gpa 0x20397000 mask 0xfff
vtd_dmar_translate dev 00:05.00 iova 0x3fffffd000 -> gpa 0x20397000 mask 0xfff
vtd_dmar_translate dev 00:05.00 iova 0x3fffffe000 -> gpa 0x20398000 mask 0xfff
vtd_dmar_translate dev 00:05.00 iova 0x3fffffe000 -> gpa 0x20398000 mask 0xfff
vtd_dmar_translate dev 00:05.00 iova 0x3fffffe000 -> gpa 0x20398000 mask 0xfff
vtd_dmar_translate dev 00:05.00 iova 0x3fffffc000 -> gpa 0x20396000 mask 0xfff
vtd_dmar_translate dev 00:05.00 iova 0x3fffffe000 -> gpa 0x20398000 mask 0xfff
vtd_dmar_translate dev 00:05.00 iova 0x3fffffc000 -> gpa 0x20396000 mask 0xfff
vtd_dmar_translate dev 00:05.00 iova 0x3fffffe000 -> gpa 0x20398000 mask 0xfff
vtd_dmar_translate dev 00:05.00 iova 0x3fffffc000 -> gpa 0x20396000 mask 0xfff
virtio_blk_handle_read vdev 0x555f97067e40 req 0x7fa0c4351440 sector 0 nsectors 1
vtd_dmar_translate dev 00:05.00 iova 0x3fffffe000 -> gpa 0x20398000 mask 0xfff
vtd_dmar_translate dev 00:05.00 iova 0x3fffffd000 -> gpa 0x20397000 mask 0xfff
vtd_dmar_translate dev 00:05.00 iova 0x3fffffd000 -> gpa 0x20397000 mask 0xfff
vtd_dmar_translate dev 00:05.00 iova 0x3fffffe000 -> gpa 0x20398000 mask 0xfff
virtio_blk_rw_complete vdev 0x555f97067e40 req 0x7fa0c4351440 ret 0
virtio_blk_req_complete vdev 0x555f97067e40 req 0x7fa0c4351440 status 0
vtd_dmar_translate dev 00:05.00 iova 0x3fffffd000 -> gpa 0x20397000 mask 0xfff
vtd_dmar_translate dev 00:05.00 iova 0x3fffffd000 -> gpa 0x20397000 mask 0xfff
vtd_dmar_translate dev 00:05.00 iova 0x3fffffe000 -> gpa 0x20398000 mask 0xfff
virtio_set_status vdev 0x555f97067e40 val 0
virtio_set_status vdev 0x555f97067e40 val 0
virtio_set_status vdev 0x555f97067e40 val 0
virtio_set_status vdev 0x555f97067e40 val 0
virtio_set_status vdev 0x555f97067e40 val 0
vtd_inv_desc_iotlb_global iotlb invalidate global
vtd_inv_desc_wait_irq IM in IECTL_REG is set, new event not generated
vtd_inv_desc_iotlb_global iotlb invalidate global
vtd_inv_desc_wait_irq IM in IECTL_REG is set, new event not generated
vtd_inv_desc_iotlb_global iotlb invalidate global
vtd_inv_desc_wait_irq IM in IECTL_REG is set, new event not generated
virtio_set_status vdev 0x555f97067e40 val 0
