warning: patch `ostd v0.18.0 (/opt/nexus-ostd/ostd-0.18.0)` was not used in the crate graph
warning: patch `virtio-drivers v0.13.0 (/opt/nexus-virtio/virtio-drivers-0.13.0)` was not used in the crate graph
help: Check that the patched package version and available features are compatible
      with the dependency requirements. If the patch has a different version from
      what is locked in the Cargo.lock file, run `cargo update` to use the new
      version. This may also occur with an optional dependency that is not enabled.
warning: unstable feature specified for `-Ctarget-feature`: `ermsb`
  |
  = note: this feature is not stably supported; its behavior can change in the future

warning: `cser-core` (lib) generated 1 warning
warning: `ostd` (lib) generated 1 warning (1 duplicate)
warning: associated items `new_component`, `effect`, `component`, `claim`, `resource`, and `resource_generation` are never used
  --> /work/src/cser/core_reply_adapter.rs:58:25
   |
42 | impl ReplyCoordinate {
   | -------------------- associated items in this implementation
...
58 |     pub(crate) const fn new_component(
   |                         ^^^^^^^^^^^^^
...
74 |     pub(crate) const fn effect(self) -> cser_core::EffectId {
   |                         ^^^^^^
...
78 |     pub(crate) const fn component(self) -> Option<ComponentId> {
   |                         ^^^^^^^^^
...
82 |     pub(crate) const fn claim(self) -> ClaimId {
   |                         ^^^^^
...
86 |     pub(crate) const fn resource(self) -> ResourceId {
   |                         ^^^^^^^^
...
90 |     pub(crate) const fn resource_generation(self) -> ResourceGeneration {
   |                         ^^^^^^^^^^^^^^^^^^^
   |
   = note: `#[warn(dead_code)]` (part of `#[warn(unused)]`) on by default

warning: methods `coordinate`, `publication_sequence`, `apply_receipt_digest`, `acknowledgement_digest`, and `retirement_receipt_digest` are never used
   --> /work/src/cser/core_reply_adapter.rs:117:25
    |
105 | impl ReplyPlan {
    | -------------- methods in this implementation
...
117 |     pub(crate) const fn coordinate(self) -> ReplyCoordinate {
    |                         ^^^^^^^^^^
...
121 |     pub(crate) const fn publication_sequence(self) -> u64 {
    |                         ^^^^^^^^^^^^^^^^^^^^
...
132 |     pub(crate) fn apply_receipt_digest(self) -> Digest {
    |                   ^^^^^^^^^^^^^^^^^^^^
...
136 |     pub(crate) fn acknowledgement_digest(self) -> Digest {
    |                   ^^^^^^^^^^^^^^^^^^^^^^
...
140 |     pub(crate) fn retirement_receipt_digest(self) -> Digest {
    |                   ^^^^^^^^^^^^^^^^^^^^^^^^^

warning: method `redeliver_durable` is never used
   --> /work/src/cser/core_reply_adapter.rs:320:19
    |
253 | impl ReplyCustody {
    | ----------------- method in this implementation
...
320 |     pub(crate) fn redeliver_durable(
    |                   ^^^^^^^^^^^^^^^^^

warning: struct `OstdRecoveryBoundary` is never constructed
  --> /work/src/cser/core_runtime.rs:24:19
   |
24 | pub(crate) struct OstdRecoveryBoundary {
   |                   ^^^^^^^^^^^^^^^^^^^^

warning: methods `acknowledged_revision`, `acknowledged_head`, `torn_tail`, and `journal_repair` are never used
  --> /work/src/cser/core_runtime.rs:32:25
   |
30 | impl OstdRecoveryBoundary {
   | ------------------------- methods in this implementation
31 |     /// Returns the last replayed journal revision.
32 |     pub(crate) const fn acknowledged_revision(self) -> u64 {
   |                         ^^^^^^^^^^^^^^^^^^^^^
...
37 |     pub(crate) const fn acknowledged_head(self) -> Digest {
   |                         ^^^^^^^^^^^^^^^^^
...
45 |     pub(crate) const fn torn_tail(self) -> Option<usize> {
   |                         ^^^^^^^^^
...
53 |     pub(crate) const fn journal_repair(self) -> Option<JournalRepair> {
   |                         ^^^^^^^^^^^^^^

warning: associated items `recover` and `observe_persistence` are never used
   --> /work/src/cser/core_runtime.rs:94:19
    |
 73 | impl<P> OstdCserRuntime<P> {
    | -------------------------- associated items in this implementation
...
 94 |     pub(crate) fn recover(
    |                   ^^^^^^^
...
124 |     pub(crate) fn observe_persistence<R>(&self, operation: impl FnOnce(&P) -> R) -> R {
    |                   ^^^^^^^^^^^^^^^^^^^

warning: `nexus-kernel` (lib) generated 7 warnings (1 duplicate)
warning: `nexus-kernel-osdk-bin` (bin "nexus-kernel-osdk-bin") generated 1 warning (1 duplicate)
    Finished `dev` profile [unoptimized + debuginfo] target(s) in 0.07s
qemu-system-x86_64: warning: TCG doesn't support requested feature: CPUID[eax=01h].ECX.pcid [bit 17]
qemu-system-x86_64: warning: TCG doesn't support requested feature: CPUID[eax=01h].ECX.tsc-deadline [bit 24]
qemu-system-x86_64: warning: TCG doesn't support requested feature: CPUID[eax=07h,ecx=00h].EBX.hle [bit 4]
qemu-system-x86_64: warning: TCG doesn't support requested feature: CPUID[eax=07h,ecx=00h].EBX.invpcid [bit 10]
qemu-system-x86_64: warning: TCG doesn't support requested feature: CPUID[eax=07h,ecx=00h].EBX.rtm [bit 11]
qemu-system-x86_64: warning: TCG doesn't support requested feature: CPUID[eax=07h,ecx=00h].EBX.avx512f [bit 16]
qemu-system-x86_64: warning: TCG doesn't support requested feature: CPUID[eax=07h,ecx=00h].EBX.avx512dq [bit 17]
qemu-system-x86_64: warning: TCG doesn't support requested feature: CPUID[eax=07h,ecx=00h].EBX.avx512cd [bit 28]
qemu-system-x86_64: warning: TCG doesn't support requested feature: CPUID[eax=07h,ecx=00h].EBX.avx512bw [bit 30]
qemu-system-x86_64: warning: TCG doesn't support requested feature: CPUID[eax=07h,ecx=00h].EBX.avx512vl [bit 31]
qemu-system-x86_64: warning: TCG doesn't support requested feature: CPUID[eax=07h,ecx=00h].ECX.avx512vbmi [bit 1]
qemu-system-x86_64: warning: TCG doesn't support requested feature: CPUID[eax=07h,ecx=00h].ECX.avx512vbmi2 [bit 6]
qemu-system-x86_64: warning: TCG doesn't support requested feature: CPUID[eax=07h,ecx=00h].ECX.gfni [bit 8]
qemu-system-x86_64: warning: TCG doesn't support requested feature: CPUID[eax=07h,ecx=00h].ECX.vpclmulqdq [bit 10]
qemu-system-x86_64: warning: TCG doesn't support requested feature: CPUID[eax=07h,ecx=00h].ECX.avx512vnni [bit 11]
qemu-system-x86_64: warning: TCG doesn't support requested feature: CPUID[eax=07h,ecx=00h].ECX.avx512bitalg [bit 12]
qemu-system-x86_64: warning: TCG doesn't support requested feature: CPUID[eax=07h,ecx=00h].ECX.avx512-vpopcntdq [bit 14]
qemu-system-x86_64: warning: TCG doesn't support requested feature: CPUID[eax=07h,ecx=00h].EDX.spec-ctrl [bit 26]
qemu-system-x86_64: warning: TCG doesn't support requested feature: CPUID[eax=07h,ecx=00h].EDX.ssbd [bit 31]
qemu-system-x86_64: warning: TCG doesn't support requested feature: CPUID[eax=0Dh,ecx=01h].EAX.xsavec [bit 1]
