[2J[01;01H[=3h[2J[01;01H[2J[01;01H[8;056;240t0[2J[01;01HBdsDxe: loading Boot0002 "UEFI QEMU DVD-ROM QM00005 " from PciRoot(0x0)/Pci(0x1F,0x2)/Sata(0x2,0xFFFF,0x0)
BdsDxe: starting Boot0002 "UEFI QEMU DVD-ROM QM00005 " from PciRoot(0x0)/Pci(0x1F,0x2)/Sata(0x2,0xFFFF,0x0)
WARNING: no console will be available to OS
error: no suitable video mode found.
CSER_CORE_RUNTIME_SPIKE PASS writer=portable_core legacy_runtime=false live_ingress=false durable_provider=unavailable fail_closed=true
CSER_CORE_REPLY_TRACE manager=client-start
CSER_CORE_REPLY_TRACE client=entered
CSER_CORE_REPLY_TRACE client=custody-published
CSER_CORE_REPLY_TRACE manager=custody-acquired
CSER_CORE_REPLY_TRACE manager=origin-start
CSER_CORE_REPLY_TRACE origin=entered
CSER_CORE_REPLY_TRACE origin=returning
CSER_CORE_REPLY_TRACE manager=origin-reaped
CSER_CORE_REPLY_TRACE manager=origin-fenced-snapshotted
CSER_CORE_REPLY_TRACE manager=successor-v2-start
CSER_CORE_REPLY_TRACE successor-v2=entered
CSER_CORE_REPLY_TRACE manager=successor-v2-ready
CSER_CORE_REPLY_TRACE successor-v2=returning-after-intent
CSER_CORE_REPLY_TRACE manager=successor-v2-reaped
CSER_CORE_REPLY_TRACE manager=successor-v2-fenced-snapshotted
CSER_CORE_REPLY_TRACE manager=successor-v3-start
CSER_CORE_REPLY_TRACE successor-v3=entered
CSER_CORE_REPLY_TRACE manager=successor-v3-ready
CSER_CORE_REPLY_TRACE successor-v3=claim-exported
CSER_CORE_REPLY_TRACE manager=claim-acquired
CSER_CORE_REPLY_TRACE client=acknowledged
CSER_CORE_REPLY_TRACE manager=reply-settled-retired
CSER_CORE_OSTD_TASK_RECOVERY PASS death=task-return exact_reap=true fence_before_snapshot=true ready_in_fresh_task=true rebind_by_manager=true settlement_claim=true second_crash=true reconcile_without_second_intent=true physical_reply=true real_waiter_wake=true client_ack=true duplicate_wake=false postcommit_authority=fenced precommit_adopt_race=true revoke_adopt_orders=2 legacy_runtime=false live_dual_write=false rebind=task-bound-core production_rebind=false receipt_provider=commit-probe+physical-reply real_reply=true historical_profile=1 production_profile=false journal=same-boot-memory durability_boundary=transition-trait reboot_persistence=false
