Warning: Profile-enabled algorithms contain disabled 'RSA-1024-sign(SHA1, pkcs1-pss)'
Warning: Setting OPENSSL_ENABLE_SHA1_SIGNATURES=1
  Tested: camellia-128
  Tested: camellia-256
  Tested: tdes
  Tested: RSA-1024-sign(SHA1, pkcs1-pss)
  Tested: RSA-1024-sign(SHA1, pkcs1)
  Tested: RSA-2048-sign(SHA1, pkcs1-pss)
  Tested: RSA-2048-sign(SHA1, pkcs1)
 Ctrl Cmd: length 4
 00 00 00 10 
 Ctrl Rsp: length 4
 00 00 00 00 
 SWTPM_IO_Read: length 10
 80 01 00 00 00 0A 00 00 01 81 
    IsEnEnabled(0x181 = 'ReadClock'): 1
 SWTPM_IO_Write: length 10
 80 01 00 00 00 0A 00 00 01 00 
 Ctrl Cmd: length 4
 00 00 00 01 
 Ctrl Rsp: length 8
 00 00 00 00 00 01 FF FF 
 Ctrl Cmd: length 4
 00 00 00 0E 
 Ctrl Rsp: length 4
 00 00 00 00 
 Ctrl Cmd: length 8
 00 00 00 11 00 00 00 00 
 Ctrl Rsp: length 16
 00 00 00 00 00 00 10 00 00 00 0A F8 00 00 10 00 
 Ctrl Cmd: length 4
 00 00 00 0E 
 Ctrl Rsp: length 4
 00 00 00 00 
 Ctrl Cmd: length 8
 00 00 00 11 00 00 10 00 
 Ctrl Rsp: length 16
 00 00 00 00 00 00 10 00 00 00 0A F8 00 00 10 00 
 Ctrl Cmd: length 8
 00 00 00 02 00 00 00 00 
  Tested: RSA-1024-sign(SHA1, pkcs1-pss)
  Tested: RSA-1024-sign(SHA1, pkcs1)
  Tested: RSA-2048-sign(SHA1, pkcs1-pss)
  Tested: RSA-2048-sign(SHA1, pkcs1)
  Tested: camellia-128
  Tested: camellia-256
  Tested: tdes
 Ctrl Rsp: length 4
 00 00 00 00 
 Ctrl Cmd: length 4
 00 00 00 04 
 Ctrl Rsp: length 8
 00 00 00 00 00 00 00 00 
 Ctrl Cmd: length 8
 00 00 00 05 00 00 00 00 
 Ctrl Rsp: length 4
 00 00 00 00 
 SWTPM_IO_Read: length 12
 80 01 00 00 00 0C 00 00 01 44 00 00 
    IsEnEnabled(0x144 = 'Startup'): 1
 SWTPM_IO_Write: length 10
 80 01 00 00 00 0A 00 00 00 00 
 SWTPM_IO_Read: length 14
 80 01 00 00 00 0E 00 00 01 69 01 80 01 00 
    IsEnEnabled(0x169 = 'NV_ReadPublic'): 1
 SWTPM_IO_Write: length 94
 80 01 00 00 00 5E 00 00 00 00 00 2E 01 80 01 00 
 00 0B 62 04 04 14 00 20 47 CE 30 32 D8 BA D1 F3 
 08 9C B0 C0 90 88 DE 43 50 14 91 D4 60 40 2B 90 
 CD 1B 7F C0 B6 8C A9 2F 00 08 00 22 00 0B C1 0D 
 A5 71 71 0D C0 EF 34 03 98 76 52 A2 A1 AA E0 1C 
 A0 C7 A6 3A 2D 8E DE F2 34 F2 EC AA D3 3D 
 SWTPM_IO_Read: length 14
 80 01 00 00 00 0E 00 00 01 69 01 80 01 01 
    IsEnEnabled(0x169 = 'NV_ReadPublic'): 1
 SWTPM_IO_Write: length 94
 80 01 00 00 00 5E 00 00 00 00 00 2E 01 80 01 01 
 00 0B 42 04 14 04 00 20 47 CE 30 32 D8 BA D1 F3 
 08 9C B0 C0 90 88 DE 43 50 14 91 D4 60 40 2B 90 
 CD 1B 7F C0 B6 8C A9 2F 00 B4 00 22 00 0B 6B D9 
 43 76 11 F6 77 D3 1C 85 0B C8 A6 7E FE A0 C5 A4 
 E3 E4 E3 7D CC 38 C4 C3 A5 9E 45 F5 11 C3 
 SWTPM_IO_Read: length 14
 80 01 00 00 00 0E 00 00 01 69 01 80 01 02 
    IsEnEnabled(0x169 = 'NV_ReadPublic'): 1
 SWTPM_IO_Write: length 94
 80 01 00 00 00 5E 00 00 00 00 00 2E 01 80 01 02 
 00 0B 62 04 14 04 00 20 47 CE 30 32 D8 BA D1 F3 
 08 9C B0 C0 90 88 DE 43 50 14 91 D4 60 40 2B 90 
 CD 1B 7F C0 B6 8C A9 2F 00 B4 00 22 00 0B 2A 9A 
 FE FE 5E 5D 33 57 E1 50 C8 04 FA E1 C4 93 88 0A 
 4A 05 92 CD E3 AD 8C 2D 84 BB 33 07 27 E8 
 SWTPM_IO_Read: length 14
 80 01 00 00 00 0E 00 00 01 69 01 80 01 03 
    IsEnEnabled(0x169 = 'NV_ReadPublic'): 1
 SWTPM_IO_Write: length 94
 80 01 00 00 00 5E 00 00 00 00 00 2E 01 80 01 03 
 00 0B 62 04 04 14 00 20 47 CE 30 32 D8 BA D1 F3 
 08 9C B0 C0 90 88 DE 43 50 14 91 D4 60 40 2B 90 
 CD 1B 7F C0 B6 8C A9 2F 00 08 00 22 00 0B 7A 79 
 C8 38 E2 C0 97 B8 E8 F3 B1 6C DF 2B 76 FD DF 55 
 BB 33 8E 92 22 2B A8 2B 2D 77 F6 EA 6E B0 
 SWTPM_IO_Read: length 14
 80 01 00 00 00 0E 00 00 01 69 01 80 01 04 
    IsEnEnabled(0x169 = 'NV_ReadPublic'): 1
 SWTPM_IO_Write: length 94
 80 01 00 00 00 5E 00 00 00 00 00 2E 01 80 01 04 
 00 0B 42 04 14 04 00 20 47 CE 30 32 D8 BA D1 F3 
 08 9C B0 C0 90 88 DE 43 50 14 91 D4 60 40 2B 90 
 CD 1B 7F C0 B6 8C A9 2F 00 8C 00 22 00 0B A2 68 
 7E 71 D2 AE A7 1E 19 A6 06 4A 10 89 27 1A 27 0B 
 CE 63 54 48 8B DD C1 E3 75 C0 37 D9 37 F9 
 SWTPM_IO_Read: length 14
 80 01 00 00 00 0E 00 00 01 69 01 80 01 05 
    IsEnEnabled(0x169 = 'NV_ReadPublic'): 1
 SWTPM_IO_Write: length 94
 80 01 00 00 00 5E 00 00 00 00 00 2E 01 80 01 05 
 00 0B 62 04 14 04 00 20 47 CE 30 32 D8 BA D1 F3 
 08 9C B0 C0 90 88 DE 43 50 14 91 D4 60 40 2B 90 
 CD 1B 7F C0 B6 8C A9 2F 00 8C 00 22 00 0B 9F 57 
 47 9A 60 C8 7F EF 0C B5 C9 E6 F9 CE 89 60 6D 20 
 21 70 1C 55 93 90 F1 14 82 75 F0 CC F1 D5 
 SWTPM_IO_Read: length 35
 80 02 00 00 00 23 00 00 01 4E 01 80 01 00 01 80 
 01 00 00 00 00 09 40 00 00 09 00 00 00 00 00 00 
 08 00 00 
    IsEnEnabled(0x14e = 'NV_Read'): 1
 SWTPM_IO_Write: length 29
 80 02 00 00 00 1D 00 00 00 00 00 00 00 0A 00 08 
 00 00 00 00 00 00 00 01 00 00 01 00 00 
 SWTPM_IO_Read: length 35
 80 02 00 00 00 23 00 00 01 4E 01 80 01 02 01 80 
 01 02 00 00 00 09 40 00 00 09 00 00 00 00 00 00 
 B4 00 00 
    IsEnEnabled(0x14e = 'NV_Read'): 1
 SWTPM_IO_Write: length 201
 80 02 00 00 00 C9 00 00 00 00 00 00 00 B6 00 B4 
 43 53 45 52 54 50 4D 31 00 01 01 00 00 00 00 00 
 00 00 00 01 F5 8A D9 F2 C9 73 E6 55 32 B1 0D 63 
 92 F0 52 88 38 BF 95 C0 96 68 F3 03 95 74 38 16 
 A5 8D DF 25 00 00 00 00 00 00 00 01 00 00 00 00 
 00 00 00 01 00 00 00 00 00 00 00 01 00 00 00 00 
 00 00 00 01 00 00 00 00 00 00 00 01 00 00 00 00 
 00 00 00 01 00 00 00 00 00 00 00 01 00 00 00 00 
 00 00 00 05 54 9A F7 9D 3F DD 98 2A 04 4F 4F C2 
 BC 88 14 BB 12 30 FC 71 BB 34 F5 E3 91 24 78 F8 
 82 1E BA 31 BA F5 22 45 5B DF 3C 6E B9 6A D2 2F 
 03 04 B2 6B 45 01 FA 1F 97 26 EB 49 8A C7 E8 53 
 6E 35 62 28 00 00 01 00 00 
 SWTPM_IO_Read: length 35
 80 02 00 00 00 23 00 00 01 4E 01 80 01 03 01 80 
 01 03 00 00 00 09 40 00 00 09 00 00 00 00 00 00 
 08 00 00 
    IsEnEnabled(0x14e = 'NV_Read'): 1
 SWTPM_IO_Write: length 29
 80 02 00 00 00 1D 00 00 00 00 00 00 00 0A 00 08 
 00 00 00 00 00 00 00 01 00 00 01 00 00 
 SWTPM_IO_Read: length 35
 80 02 00 00 00 23 00 00 01 4E 01 80 01 05 01 80 
 01 05 00 00 00 09 40 00 00 09 00 00 00 00 00 00 
 8C 00 00 
    IsEnEnabled(0x14e = 'NV_Read'): 1
 SWTPM_IO_Write: length 161
 80 02 00 00 00 A1 00 00 00 00 00 00 00 8E 00 8C 
 43 53 45 52 54 50 4D 31 00 01 02 00 00 00 00 00 
 00 00 00 01 F5 8A D9 F2 C9 73 E6 55 32 B1 0D 63 
 92 F0 52 88 38 BF 95 C0 96 68 F3 03 95 74 38 16 
 A5 8D DF 25 00 00 00 00 00 00 00 01 00 00 00 00 
 00 00 00 01 00 00 00 00 00 00 00 01 00 00 00 00 
 00 00 00 01 00 00 00 00 00 00 00 01 00 00 00 00 
 00 00 00 01 00 00 00 00 00 00 00 01 D8 9B BD 53 
 F3 BC CE 8C 9E C3 C8 2B F9 F6 24 B2 60 90 B4 13 
 1F AC DD 63 40 C0 B7 79 B0 A2 6C 9A 00 00 01 00 
 00 
 Ctrl Cmd: length 4
 00 00 00 03 
 Ctrl Rsp: length 4
 00 00 00 00 
