IRQ_SPIKE KERNEL_MARKER stage=phase_a oracle_suffix=true
IRQ_SPIKE BEGIN device=blk completion=polling delivery=intx trigger=edge polarity=active_high intremap=on claim=none
IRQ_SPIKE Route bdf=00:05.0 firmware_line=10 pin=1 source=pci_config_0x3c
IRQ_SPIKE Masked stage=claimed line=10
IRQ_SPIKE Armed gsi=10 vector=35 remapping_index=Some(0) trigger=edge polarity=active_high
IRQ_SPIKE Armed gsi=16 vector=36 remapping_index=Some(1) trigger=edge polarity=active_high
IRQ_SPIKE Armed gsi=17 vector=37 remapping_index=Some(2) trigger=edge polarity=active_high
IRQ_SPIKE Armed gsi=18 vector=38 remapping_index=Some(3) trigger=edge polarity=active_high
IRQ_SPIKE Armed gsi=19 vector=39 remapping_index=Some(4) trigger=edge polarity=active_high
IRQ_SPIKE Armed gsi=20 vector=40 remapping_index=Some(5) trigger=edge polarity=active_high
IRQ_SPIKE Armed gsi=21 vector=41 remapping_index=Some(6) trigger=edge polarity=active_high
IRQ_SPIKE Armed gsi=22 vector=42 remapping_index=Some(7) trigger=edge polarity=active_high
IRQ_SPIKE Armed gsi=23 vector=43 remapping_index=Some(8) trigger=edge polarity=active_high
IRQ_SPIKE Prepared session=0x4e58505200280001 generation=1 queue=0 descriptor=0 notifications_enabled=true
IRQ_SPIKE Published commit_point=avail_idx_release notification=Kicked
IRQ_SPIKE Unmasking stage=window_open line=10 isr_unread=true reentry_expected=true
IRQ_SPIKE Remasked stage=window_closed line=10 iterations=0 deliveries=2
IRQ_SPIKE Candidate gsi=10 vector=35 remapping_index=Some(0) deliveries=1
IRQ_SPIKE Candidate gsi=16 vector=36 remapping_index=Some(1) deliveries=0
IRQ_SPIKE Candidate gsi=17 vector=37 remapping_index=Some(2) deliveries=0
IRQ_SPIKE Candidate gsi=18 vector=38 remapping_index=Some(3) deliveries=0
IRQ_SPIKE Candidate gsi=19 vector=39 remapping_index=Some(4) deliveries=0
IRQ_SPIKE Candidate gsi=20 vector=40 remapping_index=Some(5) deliveries=0
IRQ_SPIKE Candidate gsi=21 vector=41 remapping_index=Some(6) deliveries=1
IRQ_SPIKE Candidate gsi=22 vector=42 remapping_index=Some(7) deliveries=0
IRQ_SPIKE Candidate gsi=23 vector=43 remapping_index=Some(8) deliveries=0
IRQ_SPIKE Completion source=polling observed=true used_len=513
IRQ_SPIKE PASS delivery=observed deliveries=2 firmware_line=10 firmware_line_delivered=true pirq_gsi=Some(21) iterations=0 candidates=9 intremap=on trigger=edge polarity=active_high completion=polling completion_observed=true claim=none
FIXTURE Hash before=27a4e8fed7b428b42ff04e3f62eadfe2e3f3310dac4e2fe8ecfff04be3cca254 after=27a4e8fed7b428b42ff04e3f62eadfe2e3f3310dac4e2fe8ecfff04be3cca254 readonly=true
